Effective AFTER configuration
  repetitions  2 · default
  docker_host  not configured (value hidden) · default
Docker setup
  Docker execution is not configured; set docker_binary and docker_host as a pa…
  Suggested settings for the AFTER config file (not selected):
    docker_binary: "/usr/local/bin/docker"  # found on PATH; not executed
    docker_host: "unix:///var/run/docker.sock"  # existing socket; not contacted
Next
  export AFTER_DOCKER_BINARY=/usr/local/bin/docker AFTER_DOCKER_HOST=unix:///var/run/docker.sock
    use the detected Docker CLI and socket in this shell
  after config
    check the settings again
