Capture and open a review, or resume a saved pair with background capture.
Open explicit stored IDs without running project code.

Usage
  after review
  after review --staged
  after review --base main [--target HEAD]
  after review --include-untracked PATH
  after review --new [capture options]
  after review ID...
  after review BASE CANDIDATE [EVIDENCE ...]
  after review [BASE CANDIDATE] --import-file FILE [--producer TEXT]

Options
  --new                    capture and replace the saved review
  --staged                 capture HEAD versus the index
  --base REF               capture the merge base with a Git ref
  --target REF             other side of --base capture (default: HEAD)
  --include-untracked PATH select an exact non-ignored file (repeatable)
  --import-file FILE       file read only after the explicit TUI import action
  --producer TEXT          optional caller producer claim for --import-file

Global
  --project DIR   checkout's Git root (default: nearest .git root)
  --config FILE   configuration file (default: XDG_CONFIG_HOME/after/config.yaml
                  or ~/.config/after/config.yaml, if present)
  --json          print the versioned JSON result
