List recent stored captures, runs, imported reports, and pin events.

Usage
  after log
  after log -n N

Options
  -n N   number of newest events to show (default: 20; range: 1–10000)

Global
  --project DIR   checkout's Git root (default: nearest .git root)
  --config FILE   configuration file (default: XDG_CONFIG_HOME/after/config.yaml
                  or ~/.config/after/config.yaml, if present)
  --json          print the versioned JSON result
