Imported report cccccccc · 2 pass · 1 fail · 0 skip
  Producer     go1.27.1 · linux/amd64 · caller claim, unverified
  Imported     12:31:00
  Binding      bbbbbbbb · caller claim
             not proof of where tests ran
Reported in go test JSON; AFTER did not run or observe these tests
  TestRetry · test · fail
Next
  after inspect sha256:cccccccccccccccccccccccccccccccccccccccccccccccccccccccccccccccc
    inspect the reported test results
