Snapshot bbbbbbbb · working tree
  Captured     10:30:00 · working_tree · record cccccccc · 1 selected untracked
  Paths        1 path · complete · 0 excluded · 0 unsupported
  Limit        two matching reads; not an atomic filesystem snapshot
IDs
sha256:bbbbbbbbbbbbbbbbbbbbbbbbbbbbbbbbbbbbbbbbbbbbbbbbbbbbbbbbbbbbbbbb
Next
  after review sha256:bbbbbbbbbbbbbbbbbbbbbbbbbbbbbbbbbbbbbbbbbbbbbbbbbbbbbbbbbbbbbbbb
    open or resume a review
