Recent stored records
13:00:00     pin      dddddddd REOPENED · attach dddddddd · At 12h, retries mak…
12:31:00     report   cccccccc go test · 2 pass · 1 fail · 0 skip · reported, n…
12:30:00     run      dddddddd aaaaaaaa → bbbbbbbb · different · 12h [DIFFERENT…
10:30:00     capture  bbbbbbbb working tree against aaaaaaaa · 1 path
  History      4 newest of 4 stored events
Next
  after status
    show the current capture and review state
